
Running 15 tests using 1 worker

  ✘  1 recovery.spec.ts:162:3 › j1h2c retailer recovery journey › HC01 valid portal shows Forgot password entry (1ms)
[31mTesting stopped early after 1 maximum allowed failures.[39m


  1) recovery.spec.ts:162:3 › j1h2c retailer recovery journey › HC01 valid portal shows Forgot password entry

    Error: assertion:http:precondition:w1_established_login_proof:login_proof_failed:401

       at ../src/assertions.ts:14

      12 |   category: string,
      13 | ): Error {
    > 14 |   return new Error(`assertion:${surface}:${field}:${category}`);
         |          ^
      15 | }
      16 |
        at fieldOnly (/home/ivy/Desktop/dc12r1-e2-b1r4-v2-browser-final/j1h2c-retailer-recovery/src/assertions.ts:14:10)
        at loginProofSucceeds (/home/ivy/Desktop/dc12r1-e2-b1r4-v2-browser-final/j1h2c-retailer-recovery/src/preconditions.ts:102:11)
        at runPreconditions (/home/ivy/Desktop/dc12r1-e2-b1r4-v2-browser-final/j1h2c-retailer-recovery/src/preconditions.ts:215:5)
        at /home/ivy/Desktop/dc12r1-e2-b1r4-v2-browser-final/j1h2c-retailer-recovery/tests/recovery.spec.ts:122:7

  1 failed
    recovery.spec.ts:162:3 › j1h2c retailer recovery journey › HC01 valid portal shows Forgot password entry
  14 did not run
  1 error was not a part of any test, see above for details
