============================= test session starts ==============================
platform linux -- Python 3.12.3, pytest-8.4.2, pluggy-1.6.0
rootdir: /home/ivy/Desktop/dc12r1-e2-v2-lubuntu-fresh-runtime/backend
configfile: pytest.ini
plugins: hypothesis-6.150.2, asyncio-0.26.0, anyio-4.12.1
asyncio: mode=Mode.AUTO, asyncio_default_fixture_loop_scope=session, asyncio_default_test_loop_scope=session
collected 49 items

tests/test_dc12r1_j1_h2c_retailer_recovery_discovery.py ...........      [ 22%]
tests/test_dc12r1_s1_retailer_identity.py ..............                 [ 51%]
tests/test_dc12r1_s1_r2_strict_mapping.py ....                           [ 59%]
tests/test_dc12r1_s1_r1_corrections.py ........                          [ 75%]
tests/test_dc12r1_j1_h2b_forgot_password_runtime_closure.py ............ [100%]

=============================== warnings summary ===============================
../../dc12r1-e2-v2-runtime/venv/lib/python3.12/site-packages/passlib/utils/__init__.py:854
  /home/ivy/Desktop/dc12r1-e2-v2-runtime/venv/lib/python3.12/site-packages/passlib/utils/__init__.py:854: DeprecationWarning: 'crypt' is deprecated and slated for removal in Python 3.13
    from crypt import crypt as _crypt

database/base.py:7
  /home/ivy/Desktop/dc12r1-e2-v2-lubuntu-fresh-runtime/backend/database/base.py:7: MovedIn20Warning: The ``declarative_base()`` function is now available as sqlalchemy.orm.declarative_base(). (deprecated since: 2.0) (Background on SQLAlchemy 2.0 at: https://sqlalche.me/e/b8d9)
    Base = declarative_base()

tests/test_dc12r1_j1_h2c_retailer_recovery_discovery.py::test_fw3_canonical_assertion_fails_after_side_effects
tests/test_dc12r1_j1_h2c_retailer_recovery_discovery.py::test_hc07_hc10_canonical_neutrality_real_http
tests/test_dc12r1_j1_h2c_retailer_recovery_discovery.py::test_hc07_hc10_canonical_neutrality_real_http
tests/test_dc12r1_j1_h2c_retailer_recovery_discovery.py::test_hc07_hc10_canonical_neutrality_real_http
tests/test_dc12r1_j1_h2c_retailer_recovery_discovery.py::test_hc07_hc10_canonical_neutrality_real_http
  /home/ivy/Desktop/dc12r1-e2-v2-lubuntu-fresh-runtime/backend/api/v1/client/auth.py:387: DeprecationWarning: datetime.datetime.utcnow() is deprecated and scheduled for removal in a future version. Use timezone-aware objects to represent datetimes in UTC: datetime.datetime.now(datetime.UTC).
    timestamp=datetime.utcnow(),

tests/test_dc12r1_j1_h2b_forgot_password_runtime_closure.py: 13 warnings
  /home/ivy/Desktop/dc12r1-e2-v2-lubuntu-fresh-runtime/backend/api/v1/auth.py:832: DeprecationWarning: datetime.datetime.utcnow() is deprecated and scheduled for removal in a future version. Use timezone-aware objects to represent datetimes in UTC: datetime.datetime.now(datetime.UTC).
    timestamp=datetime.utcnow(),

tests/test_dc12r1_j1_h2b_forgot_password_runtime_closure.py::test_t12_partial_apply_rolls_back_first_copy_token_intact
tests/test_dc12r1_j1_h2b_forgot_password_runtime_closure.py::test_t11_consume_partial_scan_fails_closed_both_old_token_intact
tests/test_dc12r1_j1_h2b_forgot_password_runtime_closure.py::test_t10_consume_scan_incomplete_token_stays_actionable
tests/test_dc12r1_j1_h2b_forgot_password_runtime_closure.py::test_t7_replay_exact_401_token_remains_used_password_not_applied
  /home/ivy/Desktop/dc12r1-e2-v2-lubuntu-fresh-runtime/backend/api/v1/auth.py:974: DeprecationWarning: datetime.datetime.utcnow() is deprecated and scheduled for removal in a future version. Use timezone-aware objects to represent datetimes in UTC: datetime.datetime.now(datetime.UTC).
    timestamp=datetime.utcnow(),

tests/test_dc12r1_j1_h2b_forgot_password_runtime_closure.py::test_t2_official_lifecycle_account_token_and_email
  /home/ivy/Desktop/dc12r1-e2-v2-lubuntu-fresh-runtime/backend/services/onboarding_service.py:299: DeprecationWarning: deprecated
    if request.password is not None:

tests/test_dc12r1_j1_h2b_forgot_password_runtime_closure.py::test_t2_official_lifecycle_account_token_and_email
  /home/ivy/Desktop/dc12r1-e2-v2-lubuntu-fresh-runtime/backend/services/onboarding_service.py:300: DeprecationWarning: deprecated
    validate_signup_password(request.password)

tests/test_dc12r1_j1_h2b_forgot_password_runtime_closure.py::test_t2_official_lifecycle_account_token_and_email
  /home/ivy/Desktop/dc12r1-e2-v2-lubuntu-fresh-runtime/backend/api/v1/auth.py:154: DeprecationWarning: datetime.datetime.utcnow() is deprecated and scheduled for removal in a future version. Use timezone-aware objects to represent datetimes in UTC: datetime.datetime.now(datetime.UTC).
    timestamp=datetime.utcnow(),

tests/test_dc12r1_j1_h2b_forgot_password_runtime_closure.py::test_t2_official_lifecycle_account_token_and_email
  /home/ivy/Desktop/dc12r1-e2-v2-lubuntu-fresh-runtime/backend/api/v1/auth.py:197: DeprecationWarning: datetime.datetime.utcnow() is deprecated and scheduled for removal in a future version. Use timezone-aware objects to represent datetimes in UTC: datetime.datetime.now(datetime.UTC).
    timestamp=datetime.utcnow(),

tests/test_dc12r1_j1_h2b_forgot_password_runtime_closure.py::test_t2_official_lifecycle_account_token_and_email
  /home/ivy/Desktop/dc12r1-e2-v2-lubuntu-fresh-runtime/backend/api/v1/auth.py:716: DeprecationWarning: datetime.datetime.utcnow() is deprecated and scheduled for removal in a future version. Use timezone-aware objects to represent datetimes in UTC: datetime.datetime.now(datetime.UTC).
    timestamp=datetime.utcnow(),

-- Docs: https://docs.pytest.org/en/stable/how-to/capture-warnings.html
- generated xml file: /home/ivy/Desktop/dc12r1-e2-v2-artifacts/phase3/backend-focused49-reverse.xml -
================== 49 passed, 29 warnings in 79.26s (0:01:19) ==================
