
> mpango-erp-frontend@0.2.0 build /home/ivy/Desktop/dc12r1-e2-v2-lubuntu-fresh-runtime/frontend
> tsc -p tsconfig.app.json && vite build

▲ [WARNING] Duplicate key "jsdom" in object literal [duplicate-object-key]

    package.json:40:4:
      40 │     "jsdom": "^29.1.1",
         ╵     ~~~~~~~

  The original key "jsdom" is here:

    package.json:30:4:
      30 │     "jsdom": "^23.0.0",
         ╵     ~~~~~~~

[36mvite v5.4.21 [32mbuilding for production...[36m[39m
transforming...
[32m✓[39m 1302 modules transformed.
rendering chunks...
computing gzip size...
[2mdist/[22m[32mindex.html                 [39m[1m[2m  0.50 kB[22m[1m[22m[2m │ gzip:   0.32 kB[22m
[2mdist/[22m[2massets/[22m[35mindex-Dc2PGIen.css  [39m[1m[2m 41.28 kB[22m[1m[22m[2m │ gzip:   7.20 kB[22m
[2mdist/[22m[2massets/[22m[36mindex-jg6tOOBR.js   [39m[1m[33m896.07 kB[39m[22m[2m │ gzip: 221.65 kB[22m
[33m
(!) Some chunks are larger than 500 kB after minification. Consider:
- Using dynamic import() to code-split the application
- Use build.rollupOptions.output.manualChunks to improve chunking: https://rollupjs.org/configuration-options/#output-manualchunks
- Adjust chunk size limit for this warning via build.chunkSizeWarningLimit.[39m
[32m✓ built in 12.12s[39m
