[OK] Configuration validated successfully
   Environment: production
   Database: 127.0.0.1:5433/mpango_erp
   Redis: configured
   Secret Key: ******************************** (length: 64)
{"timestamp": "2026-07-08T02:51:06.045601Z", "level": "INFO", "service": "Mpango ERP", "env": "production", "logger": "root", "message": "Structured logging initialized", "taskName": "Task-1", "component": "logging", "formatter": "StructuredJsonFormatter"}
{"timestamp": "2026-07-08T02:51:06.046358Z", "level": "INFO", "service": "Mpango ERP", "env": "production", "logger": "core.error_codes", "message": "Exception handlers registered", "taskName": "Task-1", "component": "error_handling"}
{"timestamp": "2026-07-08T02:51:06.592371Z", "level": "INFO", "service": "Mpango ERP", "env": "production", "logger": "api.app", "message": "Request logging middleware registered", "taskName": "Task-1"}
{"timestamp": "2026-07-08T02:51:06.647508Z", "level": "INFO", "service": "Mpango ERP", "env": "production", "logger": "api.app", "message": "SQL profiling middleware registered", "taskName": "Task-1"}
{"timestamp": "2026-07-08T02:51:06.649386Z", "level": "INFO", "service": "Mpango ERP", "env": "production", "logger": "api.app", "message": "Prometheus metrics middleware registered", "taskName": "Task-1"}
{"timestamp": "2026-07-08T02:51:06.653619Z", "level": "INFO", "service": "Mpango ERP", "env": "production", "logger": "api.app", "message": "Authentication middleware registered", "taskName": "Task-1"}
{"timestamp": "2026-07-08T02:51:06.772423Z", "level": "INFO", "service": "Mpango ERP", "env": "production", "logger": "api.app", "message": "Rate limiting middleware registered", "taskName": "Task-1"}
{"timestamp": "2026-07-08T02:51:06.774239Z", "level": "INFO", "service": "Mpango ERP", "env": "production", "logger": "api.app", "message": "Idempotency middleware registered", "taskName": "Task-1"}
{"timestamp": "2026-07-08T02:51:06.869036Z", "level": "INFO", "service": "Mpango ERP", "env": "production", "logger": "core.sql_profiling", "message": "SQL profiling event listeners installed", "taskName": "Task-1", "slow_query_threshold_ms": 100}
{"timestamp": "2026-07-08T02:51:07.430594Z", "level": "INFO", "service": "Mpango ERP", "env": "production", "logger": "api.app", "message": "Platform router registered (Track P0 scaffold)", "taskName": "Task-1"}
{"timestamp": "2026-07-08T02:51:07.438744Z", "level": "INFO", "service": "Mpango ERP", "env": "production", "logger": "api.app", "message": "Platform tenants router registered (read-only)", "taskName": "Task-1"}
{"timestamp": "2026-07-08T02:51:07.471804Z", "level": "INFO", "service": "Mpango ERP", "env": "production", "logger": "api.app", "message": "Platform audit router registered (read-only)", "taskName": "Task-1"}
{"timestamp": "2026-07-08T02:51:07.476114Z", "level": "INFO", "service": "Mpango ERP", "env": "production", "logger": "api.app", "message": "Platform stats router registered (read-only)", "taskName": "Task-1"}
{"timestamp": "2026-07-08T02:51:07.498397Z", "level": "INFO", "service": "Mpango ERP", "env": "production", "logger": "api.app", "message": "Platform P10 router registered (read-only, contract-compliant)", "taskName": "Task-1"}
{"timestamp": "2026-07-08T02:51:07.529277Z", "level": "INFO", "service": "Mpango ERP", "env": "production", "logger": "api.app", "message": "Platform P12 router registered (support console, request-scoped)", "taskName": "Task-1"}
{"timestamp": "2026-07-08T02:51:07.571172Z", "level": "INFO", "service": "Mpango ERP", "env": "production", "logger": "api.app", "message": "Platform P13 router registered (operations observability, read-only)", "taskName": "Task-1"}
{"timestamp": "2026-07-08T02:51:07.587318Z", "level": "INFO", "service": "Mpango ERP", "env": "production", "logger": "api.app", "message": "Platform P15 router registered (incident triage, read-only)", "taskName": "Task-1"}
{"timestamp": "2026-07-08T02:51:07.620674Z", "level": "INFO", "service": "Mpango ERP", "env": "production", "logger": "api.app", "message": "Platform P17 router registered (platform registry, read-only)", "taskName": "Task-1"}
{"timestamp": "2026-07-08T02:51:07.679944Z", "level": "INFO", "service": "Mpango ERP", "env": "production", "logger": "api.app", "message": "Platform P18 router registered (controlled actions request skeleton)", "taskName": "Task-1"}
{"timestamp": "2026-07-08T02:51:07.708708Z", "level": "INFO", "service": "Mpango ERP", "env": "production", "logger": "api.app", "message": "Platform P19 router registered (approval workflow backend skeleton)", "taskName": "Task-1"}
{"timestamp": "2026-07-08T02:51:07.769027Z", "level": "INFO", "service": "Mpango ERP", "env": "production", "logger": "api.app", "message": "Platform P20 router registered (durable approval governance backend skeleton)", "taskName": "Task-1"}
{"timestamp": "2026-07-08T02:51:07.832223Z", "level": "INFO", "service": "Mpango ERP", "env": "production", "logger": "api.app", "message": "Platform P22 router registered (controlled execution v0 non-executing skeleton)", "taskName": "Task-1"}
{"timestamp": "2026-07-08T02:51:07.894790Z", "level": "INFO", "service": "Mpango ERP", "env": "production", "logger": "api.app", "message": "Platform P23 router registered (operator task / notification queue skeleton)", "taskName": "Task-1"}
{"timestamp": "2026-07-08T02:51:07.964011Z", "level": "INFO", "service": "Mpango ERP", "env": "production", "logger": "api.app", "message": "Platform P24 router registered (incident + runbook closeout skeleton)", "taskName": "Task-1"}
{"timestamp": "2026-07-08T02:51:08.000925Z", "level": "INFO", "service": "Mpango ERP", "env": "production", "logger": "api.app", "message": "All routers registered", "taskName": "Task-1"}
{"timestamp": "2026-07-08T02:51:08.003864Z", "level": "INFO", "service": "Mpango ERP", "env": "production", "logger": "main", "message": "Mpango ERP Backend v0.2.0 starting", "taskName": "Task-2", "version": "0.2.0", "environment": "production"}
{"timestamp": "2026-07-08T02:51:08.004258Z", "level": "INFO", "service": "Mpango ERP", "env": "production", "logger": "main", "message": "Loading OpenAPI spec from docs/contracts/openapi.yaml", "taskName": "Task-2"}
{"timestamp": "2026-07-08T02:51:08.004633Z", "level": "INFO", "service": "Mpango ERP", "env": "production", "logger": "main", "message": "Signal handlers registered for graceful shutdown", "taskName": "Task-2"}
{"timestamp": "2026-07-08T02:51:08.006297Z", "level": "INFO", "service": "Mpango ERP", "env": "production", "logger": "core.jobs.base", "message": "Registered job handler: test_email", "taskName": "Task-2", "job_name": "test_email", "handler": "test_email_job"}
{"timestamp": "2026-07-08T02:51:08.006674Z", "level": "INFO", "service": "Mpango ERP", "env": "production", "logger": "core.jobs.base", "message": "Registered job handler: test_slow_job", "taskName": "Task-2", "job_name": "test_slow_job", "handler": "test_slow_job"}
{"timestamp": "2026-07-08T02:51:08.007053Z", "level": "INFO", "service": "Mpango ERP", "env": "production", "logger": "core.jobs.base", "message": "Registered job handler: test_failing_job", "taskName": "Task-2", "job_name": "test_failing_job", "handler": "test_failing_job"}
{"timestamp": "2026-07-08T02:51:08.009961Z", "level": "INFO", "service": "Mpango ERP", "env": "production", "logger": "core.jobs.base", "message": "Registered job handler: refresh_materialized_views", "taskName": "Task-2", "job_name": "refresh_materialized_views", "handler": "refresh_materialized_views"}
{"timestamp": "2026-07-08T02:51:08.011920Z", "level": "INFO", "service": "Mpango ERP", "env": "production", "logger": "core.jobs.base", "message": "Registered job handler: export_report", "taskName": "Task-2", "job_name": "export_report", "handler": "export_report_worker"}
{"timestamp": "2026-07-08T02:51:08.012734Z", "level": "INFO", "service": "Mpango ERP", "env": "production", "logger": "core.jobs.local_queue", "message": "LocalJobQueue initialized with 5 workers", "taskName": "Task-2", "max_workers": 5}
{"timestamp": "2026-07-08T02:51:08.013114Z", "level": "INFO", "service": "Mpango ERP", "env": "production", "logger": "core.jobs.local_queue", "message": "Job queue started with 5 workers", "taskName": "Task-2", "max_workers": 5}
{"timestamp": "2026-07-08T02:51:08.013416Z", "level": "INFO", "service": "Mpango ERP", "env": "production", "logger": "main", "message": "Job queue started", "taskName": "Task-2"}
{"timestamp": "2026-07-08T02:51:08.015100Z", "level": "INFO", "service": "Mpango ERP", "env": "production", "logger": "mpango.governance.registry", "message": "dynamic_resolver_registered", "taskName": "Task-2", "resolver_type": "DbAssetResolver"}
{"timestamp": "2026-07-08T02:51:08.015414Z", "level": "INFO", "service": "Mpango ERP", "env": "production", "logger": "main", "message": "DbAssetResolver registered for tenant asset resolution", "taskName": "Task-2"}
{"timestamp": "2026-07-08T02:51:08.015876Z", "level": "INFO", "service": "Mpango ERP", "env": "production", "logger": "core.jobs.local_queue", "message": "Worker 0 started", "taskName": "Task-3"}
{"timestamp": "2026-07-08T02:51:08.016209Z", "level": "INFO", "service": "Mpango ERP", "env": "production", "logger": "core.jobs.local_queue", "message": "Worker 1 started", "taskName": "Task-4"}
{"timestamp": "2026-07-08T02:51:08.016516Z", "level": "INFO", "service": "Mpango ERP", "env": "production", "logger": "core.jobs.local_queue", "message": "Worker 2 started", "taskName": "Task-5"}
{"timestamp": "2026-07-08T02:51:08.016872Z", "level": "INFO", "service": "Mpango ERP", "env": "production", "logger": "core.jobs.local_queue", "message": "Worker 3 started", "taskName": "Task-6"}
{"timestamp": "2026-07-08T02:51:08.017242Z", "level": "INFO", "service": "Mpango ERP", "env": "production", "logger": "core.jobs.local_queue", "message": "Worker 4 started", "taskName": "Task-7"}
{"timestamp": "2026-07-08T02:51:08.020710Z", "level": "INFO", "service": "Mpango ERP", "env": "production", "logger": "main", "message": "Mpango ERP Backend shutting down", "taskName": "Task-2"}
{"timestamp": "2026-07-08T02:51:08.021058Z", "level": "INFO", "service": "Mpango ERP", "env": "production", "logger": "main", "message": "Graceful shutdown initiated", "taskName": "Task-2", "grace_period_seconds": 10}
{"timestamp": "2026-07-08T02:51:08.021317Z", "level": "INFO", "service": "Mpango ERP", "env": "production", "logger": "main", "message": "Waiting 10s for in-flight requests to complete", "taskName": "Task-2"}
{"timestamp": "2026-07-08T02:51:18.029233Z", "level": "INFO", "service": "Mpango ERP", "env": "production", "logger": "core.jobs.local_queue", "message": "Stopping job queue...", "taskName": "Task-2"}
{"timestamp": "2026-07-08T02:51:18.030130Z", "level": "INFO", "service": "Mpango ERP", "env": "production", "logger": "core.jobs.local_queue", "message": "All pending jobs completed", "taskName": "Task-2"}
{"timestamp": "2026-07-08T02:51:18.030725Z", "level": "INFO", "service": "Mpango ERP", "env": "production", "logger": "core.jobs.local_queue", "message": "Job queue stopped", "taskName": "Task-2"}
{"timestamp": "2026-07-08T02:51:18.031051Z", "level": "INFO", "service": "Mpango ERP", "env": "production", "logger": "main", "message": "Job queue stopped", "taskName": "Task-2"}
{"timestamp": "2026-07-08T02:51:18.031745Z", "level": "INFO", "service": "Mpango ERP", "env": "production", "logger": "main", "message": "Database connections closed", "taskName": "Task-2"}
{"timestamp": "2026-07-08T02:51:18.031995Z", "level": "INFO", "service": "Mpango ERP", "env": "production", "logger": "main", "message": "Redis connections closed", "taskName": "Task-2"}
{"timestamp": "2026-07-08T02:51:18.032334Z", "level": "INFO", "service": "Mpango ERP", "env": "production", "logger": "main", "message": "Cache Redis connections closed", "taskName": "Task-2"}
{"timestamp": "2026-07-08T02:51:18.032588Z", "level": "INFO", "service": "Mpango ERP", "env": "production", "logger": "main", "message": "Graceful shutdown complete", "taskName": "Task-2"}
